AWSTemplateFormatVersion: 2010-09-09
Description: Tenant Cluster Control Plane Finalizer Cloud Formation Stack.
Resources:
  GuestNSRecordSet:
    Type: 'AWS::Route53::RecordSet'
    Properties:
      HostedZoneId: 'hosted-zone-test-id'
      Name: '8y5ck.k8s.gauss.eu-central-1.aws.gigantic.io.'
      Type: 'NS'
      TTL: '300'
      ResourceRecords: !Split [ ',', '1.1.1.1,8.8.8.8' ]
